0 verbose cli /usr/local/bin/node /usr/local/bin/npm
1 info using npm@11.6.2
2 info using node@v24.12.0
3 silly config load:file:/usr/local/lib/node_modules/npm/npmrc
4 info config found workspace root at /Users/apple/Documents/GitHub/Bambu farm
5 silly config load:file:/Users/apple/Documents/GitHub/Bambu farm/.npmrc
6 silly config load:file:/Users/apple/.npmrc
7 silly config load:file:/usr/local/etc/npmrc
8 verbose title npm install @types/multer
9 verbose argv "install" "--save-dev" "@types/multer"
10 verbose logfile logs-max:10 dir:/Users/apple/Documents/GitHub/Bambu farm/apps/server/.local-cache/_logs/2026-01-22T01_40_32_955Z-
11 verbose logfile /Users/apple/Documents/GitHub/Bambu farm/apps/server/.local-cache/_logs/2026-01-22T01_40_32_955Z-debug-0.log
12 silly logfile start cleaning logs, removing 1 files
13 silly logfile done cleaning log files
14 silly packumentCache heap:4496293888 maxSize:1124073472 maxEntrySize:562036736
15 silly idealTree buildDeps
16 silly fetch manifest @types/multer@*
17 silly packumentCache full:https://registry.npmjs.org/@types%2fmulter cache-miss
18 http fetch GET 200 https://registry.npmjs.org/@types%2fmulter 326ms (cache miss)
19 silly packumentCache full:https://registry.npmjs.org/@types%2fmulter set size:undefined disposed:false
20 silly placeDep ROOT @types/multer@2.0.0 OK for: server@0.0.1 want: *
21 silly reify moves {}
22 silly audit bulk request {
22 silly audit   server: [ '0.0.1' ],
22 silly audit   '@types/node': [ '22.19.7' ],
22 silly audit   'emoji-regex': [ '9.2.2', '8.0.0' ],
22 silly audit   globals: [ '14.0.0', '16.5.0' ],
22 silly audit   debug: [ '4.4.3' ],
22 silly audit   'glob-parent': [ '6.0.2' ],
22 silly audit   semver: [ '6.3.1', '7.7.3' ],
22 silly audit   'magic-string': [ '0.30.17' ],
22 silly audit   'strip-bom': [ '4.0.0', '3.0.0' ],
22 silly audit   'tsconfig-paths': [ '4.2.0' ],
22 silly audit   json5: [ '2.2.3' ],
22 silly audit   '@angular-devkit/core': [ '19.2.19', '19.2.17' ],
22 silly audit   ajv: [ '8.17.1', '6.12.6' ],
22 silly audit   'json-schema-traverse': [ '1.0.0', '0.4.1' ],
22 silly audit   rxjs: [ '7.8.1', '7.8.2' ],
22 silly audit   '@angular-devkit/schematics': [ '19.2.19', '19.2.17' ],
22 silly audit   '@angular-devkit/schematics-cli': [ '19.2.19' ],
22 silly audit   '@inquirer/prompts': [ '7.3.2', '7.10.1' ],
22 silly audit   '@babel/code-frame': [ '7.28.6' ],
22 silly audit   '@babel/compat-data': [ '7.28.6' ],
22 silly audit   '@babel/core': [ '7.28.6' ],
22 silly audit   '@babel/generator': [ '7.28.6' ],
22 silly audit   '@babel/helper-compilation-targets': [ '7.28.6' ],
22 silly audit   '@babel/helper-globals': [ '7.28.0' ],
22 silly audit   '@babel/helper-module-imports': [ '7.28.6' ],
22 silly audit   '@babel/helper-module-transforms': [ '7.28.6' ],
22 silly audit   '@babel/helper-plugin-utils': [ '7.28.6' ],
22 silly audit   '@babel/helper-string-parser': [ '7.27.1' ],
22 silly audit   '@babel/helper-validator-identifier': [ '7.28.5' ],
22 silly audit   '@babel/helper-validator-option': [ '7.27.1' ],
22 silly audit   '@babel/helpers': [ '7.28.6' ],
22 silly audit   '@babel/parser': [ '7.28.6' ],
22 silly audit   '@babel/plugin-syntax-async-generators': [ '7.8.4' ],
22 silly audit   '@babel/plugin-syntax-bigint': [ '7.8.3' ],
22 silly audit   '@babel/plugin-syntax-class-properties': [ '7.12.13' ],
22 silly audit   '@babel/plugin-syntax-class-static-block': [ '7.14.5' ],
22 silly audit   '@babel/plugin-syntax-import-attributes': [ '7.28.6' ],
22 silly audit   '@babel/plugin-syntax-import-meta': [ '7.10.4' ],
22 silly audit   '@babel/plugin-syntax-json-strings': [ '7.8.3' ],
22 silly audit   '@babel/plugin-syntax-jsx': [ '7.28.6' ],
22 silly audit   '@babel/plugin-syntax-logical-assignment-operators': [ '7.10.4' ],
22 silly audit   '@babel/plugin-syntax-nullish-coalescing-operator': [ '7.8.3' ],
22 silly audit   '@babel/plugin-syntax-numeric-separator': [ '7.10.4' ],
22 silly audit   '@babel/plugin-syntax-object-rest-spread': [ '7.8.3' ],
22 silly audit   '@babel/plugin-syntax-optional-catch-binding': [ '7.8.3' ],
22 silly audit   '@babel/plugin-syntax-optional-chaining': [ '7.8.3' ],
22 silly audit   '@babel/plugin-syntax-private-property-in-object': [ '7.14.5' ],
22 silly audit   '@babel/plugin-syntax-top-level-await': [ '7.14.5' ],
22 silly audit   '@babel/plugin-syntax-typescript': [ '7.28.6' ],
22 silly audit   '@babel/template': [ '7.28.6' ],
22 silly audit   '@babel/traverse': [ '7.28.6' ],
22 silly audit   '@babel/types': [ '7.28.6' ],
22 silly audit   '@bcoe/v8-coverage': [ '0.2.3' ],
22 silly audit   '@borewit/text-codec': [ '0.2.1' ],
22 silly audit   '@colors/colors': [ '1.5.0' ],
22 silly audit   '@cspotcode/source-map-support': [ '0.8.1' ],
22 silly audit   '@jridgewell/trace-mapping': [ '0.3.9', '0.3.31' ],
22 silly audit   '@emnapi/core': [ '1.8.1' ],
22 silly audit   '@emnapi/runtime': [ '1.8.1' ],
22 silly audit   '@emnapi/wasi-threads': [ '1.1.0' ],
22 silly audit   '@eslint-community/eslint-utils': [ '4.9.1' ],
22 silly audit   'eslint-visitor-keys': [ '3.4.3', '4.2.1' ],
22 silly audit   '@eslint-community/regexpp': [ '4.12.2' ],
22 silly audit   '@eslint/config-array': [ '0.21.1' ],
22 silly audit   '@eslint/config-helpers': [ '0.4.2' ],
22 silly audit   '@eslint/core': [ '0.17.0' ],
22 silly audit   '@eslint/eslintrc': [ '3.3.3' ],
22 silly audit   '@eslint/js': [ '9.39.2' ],
22 silly audit   '@eslint/object-schema': [ '2.1.7' ],
22 silly audit   '@eslint/plugin-kit': [ '0.4.1' ],
22 silly audit   '@humanfs/core': [ '0.19.1' ],
22 silly audit   '@humanfs/node': [ '0.16.7' ],
22 silly audit   '@humanwhocodes/module-importer': [ '1.0.1' ],
22 silly audit   '@humanwhocodes/retry': [ '0.4.3' ],
22 silly audit   '@inquirer/ansi': [ '1.0.2' ],
22 silly audit   '@inquirer/checkbox': [ '4.3.2' ],
22 silly audit   '@inquirer/confirm': [ '5.1.21' ],
22 silly audit   '@inquirer/core': [ '10.3.2' ],
22 silly audit   '@inquirer/editor': [ '4.2.23' ],
22 silly audit   '@inquirer/expand': [ '4.0.23' ],
22 silly audit   '@inquirer/external-editor': [ '1.0.3' ],
22 silly audit   '@inquirer/figures': [ '1.0.15' ],
22 silly audit   '@inquirer/input': [ '4.3.1' ],
22 silly audit   '@inquirer/number': [ '3.0.23' ],
22 silly audit   '@inquirer/password': [ '4.0.23' ],
22 silly audit   '@inquirer/rawlist': [ '4.1.11' ],
22 silly audit   '@inquirer/search': [ '3.2.2' ],
22 silly audit   '@inquirer/select': [ '4.4.2' ],
22 silly audit   '@inquirer/type': [ '3.0.10' ],
22 silly audit   '@isaacs/balanced-match': [ '4.0.1' ],
22 silly audit   '@isaacs/brace-expansion': [ '5.0.0' ],
22 silly audit   '@isaacs/cliui': [ '8.0.2' ],
22 silly audit   'ansi-regex': [ '6.2.2', '5.0.1' ],
22 silly audit   'ansi-styles': [ '6.2.3', '4.3.0', '5.2.0' ],
22 silly audit   'string-width': [ '5.1.2', '4.2.3' ],
22 silly audit   'strip-ansi': [ '7.1.2', '6.0.1' ],
22 silly audit   'wrap-ansi': [ '8.1.0', '7.0.0', '6.2.0' ],
22 silly audit   '@istanbuljs/load-nyc-config': [ '1.1.0' ],
22 silly audit   argparse: [ '1.0.10', '2.0.1' ],
22 silly audit   'find-up': [ '4.1.0', '5.0.0' ],
22 silly audit   'js-yaml': [ '3.14.2', '4.1.1' ],
22 silly audit   'locate-path': [ '5.0.0', '6.0.0' ],
22 silly audit   'p-limit': [ '2.3.0', '3.1.0' ],
22 silly audit   'p-locate': [ '4.1.0', '5.0.0' ],
22 silly audit   'resolve-from': [ '5.0.0', '4.0.0' ],
22 silly audit   '@istanbuljs/schema': [ '0.1.3' ],
22 silly audit   '@jest/console': [ '30.2.0' ],
22 silly audit   '@jest/core': [ '30.2.0' ],
22 silly audit   '@jest/diff-sequences': [ '30.0.1' ],
22 silly audit   '@jest/environment': [ '30.2.0' ],
22 silly audit   '@jest/expect': [ '30.2.0' ],
22 silly audit   '@jest/expect-utils': [ '30.2.0' ],
22 silly audit   '@jest/fake-timers': [ '30.2.0' ],
22 silly audit   '@jest/get-type': [ '30.1.0' ],
22 silly audit   '@jest/globals': [ '30.2.0' ],
22 silly audit   '@jest/pattern': [ '30.0.1' ],
22 silly audit   '@jest/reporters': [ '30.2.0' ],
22 silly audit   'brace-expansion': [ '2.0.2', '1.1.12' ],
22 silly audit   glob: [ '10.5.0', '13.0.0', '7.2.3' ],
22 silly audit   'lru-cache': [ '10.4.3', '5.1.1', '11.2.4' ],
22 silly audit   minimatch: [ '9.0.5', '10.1.1', '3.1.2' ],
22 silly audit   'path-scurry': [ '1.11.1', '2.0.1' ],
22 silly audit   '@jest/schemas': [ '30.0.5' ],
22 silly audit   '@jest/snapshot-utils': [ '30.2.0' ],
22 silly audit   '@jest/source-map': [ '30.0.1' ],
22 silly audit   '@jest/test-result': [ '30.2.0' ],
22 silly audit   '@jest/test-sequencer': [ '30.2.0' ],
22 silly audit   '@jest/transform': [ '30.2.0' ],
22 silly audit   '@jest/types': [ '30.2.0' ],
22 silly audit   '@jridgewell/gen-mapping': [ '0.3.13' ],
22 silly audit   '@jridgewell/remapping': [ '2.3.5' ],
22 silly audit   '@jridgewell/resolve-uri': [ '3.1.2' ],
22 silly audit   '@jridgewell/source-map': [ '0.3.11' ],
22 silly audit   '@jridgewell/sourcemap-codec': [ '1.5.5' ],
22 silly audit   '@lukeed/csprng': [ '1.1.0' ],
22 silly audit   '@napi-rs/wasm-runtime': [ '0.2.12' ],
22 silly audit   '@nestjs/cli': [ '11.0.16' ],
22 silly audit   '@nestjs/common': [ '11.1.12' ],
22 silly audit   '@nestjs/config': [ '4.0.2' ],
22 silly audit   '@nestjs/core': [ '11.1.12' ],
22 silly audit   '@nestjs/platform-express': [ '11.1.12' ],
22 silly audit   '@nestjs/schematics': [ '11.0.9' ],
22 silly audit   '@nestjs/testing': [ '11.1.12' ],
22 silly audit   '@noble/hashes': [ '1.8.0' ],
22 silly audit   '@nuxt/opencollective': [ '0.4.1' ],
22 silly audit   '@paralleldrive/cuid2': [ '2.3.1' ],
22 silly audit   '@pkgjs/parseargs': [ '0.11.0' ],
22 silly audit   '@pkgr/core': [ '0.2.9' ],
22 silly audit   '@prisma/client': [ '5.22.0' ],
22 silly audit   '@prisma/debug': [ '5.22.0' ],
22 silly audit   '@prisma/engines': [ '5.22.0' ],
22 silly audit   '@prisma/engines-version': [ '5.22.0-44.605197351a3c8bdd595af2d2a9bc3025bca48ea2' ],
22 silly audit   '@prisma/fetch-engine': [ '5.22.0' ],
22 silly audit   '@prisma/get-platform': [ '5.22.0' ],
22 silly audit   '@sinclair/typebox': [ '0.34.47' ],
22 silly audit   '@sinonjs/commons': [ '3.0.1' ],
22 silly audit   '@sinonjs/fake-timers': [ '13.0.5' ],
22 silly audit   '@tokenizer/inflate': [ '0.4.1' ],
22 silly audit   '@tokenizer/token': [ '0.3.0' ],
22 silly audit   '@tsconfig/node10': [ '1.0.12' ],
22 silly audit   '@tsconfig/node12': [ '1.0.11' ],
22 silly audit   '@tsconfig/node14': [ '1.0.3' ],
22 silly audit   '@tsconfig/node16': [ '1.0.4' ],
22 silly audit   '@tybys/wasm-util': [ '0.10.1' ],
22 silly audit   '@types/babel__core': [ '7.20.5' ],
22 silly audit   '@types/babel__generator': [ '7.27.0' ],
22 silly audit   '@types/babel__template': [ '7.4.4' ],
22 silly audit   '@types/babel__traverse': [ '7.28.0' ],
22 silly audit   '@types/body-parser': [ '1.19.6' ],
22 silly audit   '@types/connect': [ '3.4.38' ],
22 silly audit   '@types/cookiejar': [ '2.1.5' ],
22 silly audit   '@types/eslint': [ '9.6.1' ],
22 silly audit   '@types/eslint-scope': [ '3.7.7' ],
22 silly audit   '@types/estree': [ '1.0.8' ],
22 silly audit   '@types/express': [ '5.0.6' ],
22 silly audit   '@types/express-serve-static-core': [ '5.1.1' ],
22 silly audit   '@types/http-errors': [ '2.0.5' ],
22 silly audit   '@types/istanbul-lib-coverage': [ '2.0.6' ],
22 silly audit   '@types/istanbul-lib-report': [ '3.0.3' ],
22 silly audit   '@types/istanbul-reports': [ '3.0.4' ],
22 silly audit   '@types/jest': [ '30.0.0' ],
22 silly audit   '@types/json-schema': [ '7.0.15' ],
22 silly audit   '@types/methods': [ '1.1.4' ],
22 silly audit   '@types/qs': [ '6.14.0' ],
22 silly audit   '@types/range-parser': [ '1.2.7' ],
22 silly audit   '@types/send': [ '1.2.1' ],
22 silly audit   '@types/serve-static': [ '2.2.0' ],
22 silly audit   '@types/stack-utils': [ '2.0.3' ],
22 silly audit   '@types/superagent': [ '8.1.9' ],
22 silly audit   '@types/supertest': [ '6.0.3' ],
22 silly audit   '@types/yargs': [ '17.0.35' ],
22 silly audit   '@types/yargs-parser': [ '21.0.3' ],
22 silly audit   '@typescript-eslint/eslint-plugin': [ '8.53.1' ],
22 silly audit   ignore: [ '7.0.5', '5.3.2' ],
22 silly audit   '@typescript-eslint/parser': [ '8.53.1' ],
22 silly audit   '@typescript-eslint/project-service': [ '8.53.1' ],
22 silly audit   '@typescript-eslint/scope-manager': [ '8.53.1' ],
22 silly audit   '@typescript-eslint/tsconfig-utils': [ '8.53.1' ],
22 silly audit   '@typescript-eslint/type-utils': [ '8.53.1' ],
22 silly audit   '@typescript-eslint/types': [ '8.53.1' ],
22 silly audit   '@typescript-eslint/typescript-estree': [ '8.53.1' ],
22 silly audit   '@typescript-eslint/utils': [ '8.53.1' ],
22 silly audit   '@typescript-eslint/visitor-keys': [ '8.53.1' ],
22 silly audit   '@ungap/structured-clone': [ '1.3.0' ],
22 silly audit   '@unrs/resolver-binding-android-arm-eabi': [ '1.11.1' ],
22 silly audit   '@unrs/resolver-binding-android-arm64': [ '1.11.1' ],
22 silly audit   '@unrs/resolver-binding-darwin-arm64': [ '1.11.1' ],
22 silly audit   '@unrs/resolver-binding-darwin-x64': [ '1.11.1' ],
22 silly audit   '@unrs/resolver-binding-freebsd-x64': [ '1.11.1' ],
22 silly audit   '@unrs/resolver-binding-linux-arm-gnueabihf': [ '1.11.1' ],
22 silly audit   '@unrs/resolver-binding-linux-arm-musleabihf': [ '1.11.1' ],
22 silly audit   '@unrs/resolver-binding-linux-arm64-gnu': [ '1.11.1' ],
22 silly audit   '@unrs/resolver-binding-linux-arm64-musl': [ '1.11.1' ],
22 silly audit   '@unrs/resolver-binding-linux-ppc64-gnu': [ '1.11.1' ],
22 silly audit   '@unrs/resolver-binding-linux-riscv64-gnu': [ '1.11.1' ],
22 silly audit   '@unrs/resolver-binding-linux-riscv64-musl': [ '1.11.1' ],
22 silly audit   '@unrs/resolver-binding-linux-s390x-gnu': [ '1.11.1' ],
22 silly audit   '@unrs/resolver-binding-linux-x64-gnu': [ '1.11.1' ],
22 silly audit   '@unrs/resolver-binding-linux-x64-musl': [ '1.11.1' ],
22 silly audit   '@unrs/resolver-binding-wasm32-wasi': [ '1.11.1' ],
22 silly audit   '@unrs/resolver-binding-win32-arm64-msvc': [ '1.11.1' ],
22 silly audit   '@unrs/resolver-binding-win32-ia32-msvc': [ '1.11.1' ],
22 silly audit   '@unrs/resolver-binding-win32-x64-msvc': [ '1.11.1' ],
22 silly audit   '@webassemblyjs/ast': [ '1.14.1' ],
22 silly audit   '@webassemblyjs/floating-point-hex-parser': [ '1.13.2' ],
22 silly audit   '@webassemblyjs/helper-api-error': [ '1.13.2' ],
22 silly audit   '@webassemblyjs/helper-buffer': [ '1.14.1' ],
22 silly audit   '@webassemblyjs/helper-numbers': [ '1.13.2' ],
22 silly audit   '@webassemblyjs/helper-wasm-bytecode': [ '1.13.2' ],
22 silly audit   '@webassemblyjs/helper-wasm-section': [ '1.14.1' ],
22 silly audit   '@webassemblyjs/ieee754': [ '1.13.2' ],
22 silly audit   '@webassemblyjs/leb128': [ '1.13.2' ],
22 silly audit   '@webassemblyjs/utf8': [ '1.13.2' ],
22 silly audit   '@webassemblyjs/wasm-edit': [ '1.14.1' ],
22 silly audit   '@webassemblyjs/wasm-gen': [ '1.14.1' ],
22 silly audit   '@webassemblyjs/wasm-opt': [ '1.14.1' ],
22 silly audit   '@webassemblyjs/wasm-parser': [ '1.14.1' ],
22 silly audit   '@webassemblyjs/wast-printer': [ '1.14.1' ],
22 silly audit   '@xtuc/ieee754': [ '1.2.0' ],
22 silly audit   '@xtuc/long': [ '4.2.2' ],
22 silly audit   accepts: [ '2.0.0' ],
22 silly audit   acorn: [ '8.15.0' ],
22 silly audit   'acorn-import-phases': [ '1.0.4' ],
22 silly audit   'acorn-jsx': [ '5.3.2' ],
22 silly audit   'acorn-walk': [ '8.3.4' ],
22 silly audit   'ajv-formats': [ '3.0.1', '2.1.1' ],
22 silly audit   'ajv-keywords': [ '3.5.2', '5.1.0' ],
22 silly audit   'ansi-colors': [ '4.1.3' ],
22 silly audit   'ansi-escapes': [ '4.3.2' ],
22 silly audit   ansis: [ '4.2.0' ],
22 silly audit   anymatch: [ '3.1.3' ],
22 silly audit   picomatch: [ '2.3.1', '4.0.2', '4.0.3' ],
22 silly audit   'append-field': [ '1.0.0' ],
22 silly audit   arg: [ '4.1.3' ],
22 silly audit   'array-timsort': [ '1.0.3' ],
22 silly audit   asap: [ '2.0.6' ],
22 silly audit   asynckit: [ '0.4.0' ],
22 silly audit   'babel-jest': [ '30.2.0' ],
22 silly audit   'babel-plugin-istanbul': [ '7.0.1' ],
22 silly audit   'babel-plugin-jest-hoist': [ '30.2.0' ],
22 silly audit   'babel-preset-current-node-syntax': [ '1.2.0' ],
22 silly audit   'babel-preset-jest': [ '30.2.0' ],
22 silly audit   'balanced-match': [ '1.0.2' ],
22 silly audit   'base64-js': [ '1.5.1' ],
22 silly audit   'baseline-browser-mapping': [ '2.9.16' ],
22 silly audit   bl: [ '4.1.0' ],
22 silly audit   'body-parser': [ '2.2.2' ],
22 silly audit   braces: [ '3.0.3' ],
22 silly audit   browserslist: [ '4.28.1' ],
22 silly audit   'bs-logger': [ '0.2.6' ],
22 silly audit   bser: [ '2.1.1' ],
22 silly audit   buffer: [ '5.7.1' ],
22 silly audit   'buffer-from': [ '1.1.2' ],
22 silly audit   busboy: [ '1.6.0' ],
22 silly audit   bytes: [ '3.1.2' ],
22 silly audit   'call-bind-apply-helpers': [ '1.0.2' ],
22 silly audit   'call-bound': [ '1.0.4' ],
22 silly audit   callsites: [ '3.1.0' ],
22 silly audit   camelcase: [ '5.3.1', '6.3.0' ],
22 silly audit   'caniuse-lite': [ '1.0.30001765' ],
22 silly audit   chalk: [ '4.1.2' ],
22 silly audit   'char-regex': [ '1.0.2' ],
22 silly audit   chardet: [ '2.1.1' ],
22 silly audit   chokidar: [ '4.0.3' ],
22 silly audit   'chrome-trace-event': [ '1.0.4' ],
22 silly audit   'ci-info': [ '4.3.1' ],
22 silly audit   'cjs-module-lexer': [ '2.2.0' ],
22 silly audit   'cli-cursor': [ '3.1.0' ],
22 silly audit   'cli-spinners': [ '2.9.2' ],
22 silly audit   'cli-table3': [ '0.6.5' ],
22 silly audit   'cli-width': [ '4.1.0' ],
22 silly audit   cliui: [ '8.0.1' ],
22 silly audit   clone: [ '1.0.4' ],
22 silly audit   co: [ '4.6.0' ],
22 silly audit   'collect-v8-coverage': [ '1.0.3' ],
22 silly audit   'color-convert': [ '2.0.1' ],
22 silly audit   'color-name': [ '1.1.4' ],
22 silly audit   'combined-stream': [ '1.0.8' ],
22 silly audit   commander: [ '4.1.1', '2.20.3' ],
22 silly audit   'comment-json': [ '4.4.1' ],
22 silly audit   'component-emitter': [ '1.3.1' ],
22 silly audit   'concat-map': [ '0.0.1' ],
22 silly audit   'concat-stream': [ '2.0.0' ],
22 silly audit   consola: [ '3.4.2' ],
22 silly audit   'content-disposition': [ '1.0.1' ],
22 silly audit   'content-type': [ '1.0.5' ],
22 silly audit   'convert-source-map': [ '2.0.0' ],
22 silly audit   cookie: [ '0.7.2' ],
22 silly audit   'cookie-signature': [ '1.2.2' ],
22 silly audit   cookiejar: [ '2.1.4' ],
22 silly audit   'core-util-is': [ '1.0.3' ],
22 silly audit   cors: [ '2.8.5' ],
22 silly audit   cosmiconfig: [ '8.3.6' ],
22 silly audit   'create-require': [ '1.1.1' ],
22 silly audit   'cross-spawn': [ '7.0.6' ],
22 silly audit   dedent: [ '1.7.1' ],
22 silly audit   'deep-is': [ '0.1.4' ],
22 silly audit   deepmerge: [ '4.3.1' ],
22 silly audit   defaults: [ '1.0.4' ],
22 silly audit   'delayed-stream': [ '1.0.0' ],
22 silly audit   depd: [ '2.0.0' ],
22 silly audit   'detect-newline': [ '3.1.0' ],
22 silly audit   dezalgo: [ '1.0.4' ],
22 silly audit   diff: [ '4.0.4' ],
22 silly audit   dotenv: [ '16.4.7' ],
22 silly audit   'dotenv-expand': [ '12.0.1' ],
22 silly audit   'dunder-proto': [ '1.0.1' ],
22 silly audit   eastasianwidth: [ '0.2.0' ],
22 silly audit   'ee-first': [ '1.1.1' ],
22 silly audit   'electron-to-chromium': [ '1.5.267' ],
22 silly audit   emittery: [ '0.13.1' ],
22 silly audit   encodeurl: [ '2.0.0' ],
22 silly audit   'enhanced-resolve': [ '5.18.4' ],
22 silly audit   'error-ex': [ '1.3.4' ],
22 silly audit   'es-define-property': [ '1.0.1' ],
22 silly audit   'es-errors': [ '1.3.0' ],
22 silly audit   'es-module-lexer': [ '2.0.0' ],
22 silly audit   'es-object-atoms': [ '1.1.1' ],
22 silly audit   'es-set-tostringtag': [ '2.1.0' ],
22 silly audit   escalade: [ '3.2.0' ],
22 silly audit   'escape-html': [ '1.0.3' ],
22 silly audit   'escape-string-regexp': [ '4.0.0', '2.0.0' ],
22 silly audit   eslint: [ '9.39.2' ],
22 silly audit   'eslint-config-prettier': [ '10.1.8' ],
22 silly audit   'eslint-plugin-prettier': [ '5.5.5' ],
22 silly audit   'eslint-scope': [ '8.4.0', '5.1.1' ],
22 silly audit   espree: [ '10.4.0' ],
22 silly audit   esprima: [ '4.0.1' ],
22 silly audit   esquery: [ '1.7.0' ],
22 silly audit   esrecurse: [ '4.3.0' ],
22 silly audit   estraverse: [ '5.3.0', '4.3.0' ],
22 silly audit   esutils: [ '2.0.3' ],
22 silly audit   etag: [ '1.8.1' ],
22 silly audit   events: [ '3.3.0' ],
22 silly audit   execa: [ '5.1.1' ],
22 silly audit   'signal-exit': [ '3.0.7', '4.1.0' ],
22 silly audit   'exit-x': [ '0.2.2' ],
22 silly audit   expect: [ '30.2.0' ],
22 silly audit   express: [ '5.2.1' ],
22 silly audit   'fast-deep-equal': [ '3.1.3' ],
22 silly audit   'fast-diff': [ '1.3.0' ],
22 silly audit   'fast-json-stable-stringify': [ '2.1.0' ],
22 silly audit   'fast-levenshtein': [ '2.0.6' ],
22 silly audit   'fast-safe-stringify': [ '2.1.1' ],
22 silly audit   'fast-uri': [ '3.1.0' ],
22 silly audit   'fb-watchman': [ '2.0.2' ],
22 silly audit   fdir: [ '6.5.0' ],
22 silly audit   'file-entry-cache': [ '8.0.0' ],
22 silly audit   'file-type': [ '21.3.0' ],
22 silly audit   'fill-range': [ '7.1.1' ],
22 silly audit   finalhandler: [ '2.1.1' ],
22 silly audit   'flat-cache': [ '4.0.1' ],
22 silly audit   flatted: [ '3.3.3' ],
22 silly audit   'foreground-child': [ '3.3.1' ],
22 silly audit   'fork-ts-checker-webpack-plugin': [ '9.1.0' ],
22 silly audit   'form-data': [ '4.0.5' ],
22 silly audit   'mime-db': [ '1.52.0', '1.54.0' ],
22 silly audit   'mime-types': [ '2.1.35', '3.0.2' ],
22 silly audit   formidable: [ '3.5.4' ],
22 silly audit   forwarded: [ '0.2.0' ],
22 silly audit   fresh: [ '2.0.0' ],
22 silly audit   'fs-extra': [ '10.1.0' ],
22 silly audit   'fs-monkey': [ '1.1.0' ],
22 silly audit   'fs.realpath': [ '1.0.0' ],
22 silly audit   fsevents: [ '2.3.3' ],
22 silly audit   'function-bind': [ '1.1.2' ],
22 silly audit   gensync: [ '1.0.0-beta.2' ],
22 silly audit   'get-caller-file': [ '2.0.5' ],
22 silly audit   'get-intrinsic': [ '1.3.0' ],
22 silly audit   'get-package-type': [ '0.1.0' ],
22 silly audit   'get-proto': [ '1.0.1' ],
22 silly audit   'get-stream': [ '6.0.1' ],
22 silly audit   'glob-to-regexp': [ '0.4.1' ],
22 silly audit   gopd: [ '1.2.0' ],
22 silly audit   'graceful-fs': [ '4.2.11' ],
22 silly audit   handlebars: [ '4.7.8' ],
22 silly audit   'source-map': [ '0.6.1', '0.7.4' ],
22 silly audit   'has-flag': [ '4.0.0' ],
22 silly audit   'has-symbols': [ '1.1.0' ],
22 silly audit   'has-tostringtag': [ '1.0.2' ],
22 silly audit   hasown: [ '2.0.2' ],
22 silly audit   'html-escaper': [ '2.0.2' ],
22 silly audit   'http-errors': [ '2.0.1' ],
22 silly audit   'human-signals': [ '2.1.0' ],
22 silly audit   'iconv-lite': [ '0.7.2' ],
22 silly audit   ieee754: [ '1.2.1' ],
22 silly audit   'import-fresh': [ '3.3.1' ],
22 silly audit   'import-local': [ '3.2.0' ],
22 silly audit   imurmurhash: [ '0.1.4' ],
22 silly audit   inflight: [ '1.0.6' ],
22 silly audit   inherits: [ '2.0.4' ],
22 silly audit   'ipaddr.js': [ '1.9.1' ],
22 silly audit   'is-arrayish': [ '0.2.1' ],
22 silly audit   'is-extglob': [ '2.1.1' ],
22 silly audit   'is-fullwidth-code-point': [ '3.0.0' ],
22 silly audit   'is-generator-fn': [ '2.1.0' ],
22 silly audit   'is-glob': [ '4.0.3' ],
22 silly audit   'is-interactive': [ '1.0.0' ],
22 silly audit   'is-number': [ '7.0.0' ],
22 silly audit   'is-promise': [ '4.0.0' ],
22 silly audit   'is-stream': [ '2.0.1' ],
22 silly audit   'is-unicode-supported': [ '0.1.0' ],
22 silly audit   isexe: [ '2.0.0' ],
22 silly audit   'istanbul-lib-coverage': [ '3.2.2' ],
22 silly audit   'istanbul-lib-instrument': [ '6.0.3' ],
22 silly audit   'istanbul-lib-report': [ '3.0.1' ],
22 silly audit   'istanbul-lib-source-maps': [ '5.0.6' ],
22 silly audit   'istanbul-reports': [ '3.2.0' ],
22 silly audit   iterare: [ '1.2.1' ],
22 silly audit   jackspeak: [ '3.4.3' ],
22 silly audit   jest: [ '30.2.0' ],
22 silly audit   'jest-changed-files': [ '30.2.0' ],
22 silly audit   'jest-circus': [ '30.2.0' ],
22 silly audit   'jest-cli': [ '30.2.0' ],
22 silly audit   'jest-config': [ '30.2.0' ],
22 silly audit   'jest-diff': [ '30.2.0' ],
22 silly audit   'jest-docblock': [ '30.2.0' ],
22 silly audit   'jest-each': [ '30.2.0' ],
22 silly audit   'jest-environment-node': [ '30.2.0' ],
22 silly audit   'jest-haste-map': [ '30.2.0' ],
22 silly audit   'jest-leak-detector': [ '30.2.0' ],
22 silly audit   'jest-matcher-utils': [ '30.2.0' ],
22 silly audit   'jest-message-util': [ '30.2.0' ],
22 silly audit   'jest-mock': [ '30.2.0' ],
22 silly audit   'jest-pnp-resolver': [ '1.2.3' ],
22 silly audit   'jest-regex-util': [ '30.0.1' ],
22 silly audit   'jest-resolve': [ '30.2.0' ],
22 silly audit   'jest-resolve-dependencies': [ '30.2.0' ],
22 silly audit   'jest-runner': [ '30.2.0' ],
22 silly audit   'source-map-support': [ '0.5.13', '0.5.21' ],
22 silly audit   'jest-runtime': [ '30.2.0' ],
22 silly audit   'jest-snapshot': [ '30.2.0' ],
22 silly audit   'jest-util': [ '30.2.0' ],
22 silly audit   'jest-validate': [ '30.2.0' ],
22 silly audit   'jest-watcher': [ '30.2.0' ],
22 silly audit   'jest-worker': [ '30.2.0', '27.5.1' ],
22 silly audit   'supports-color': [ '8.1.1', '7.2.0' ],
22 silly audit   jiti: [ '2.6.1' ],
22 silly audit   'js-tokens': [ '4.0.0' ],
22 silly audit   jsesc: [ '3.1.0' ],
22 silly audit   'json-buffer': [ '3.0.1' ],
22 silly audit   'json-parse-even-better-errors': [ '2.3.1' ],
22 silly audit   'json-stable-stringify-without-jsonify': [ '1.0.1' ],
22 silly audit   'jsonc-parser': [ '3.3.1' ],
22 silly audit   jsonfile: [ '6.2.0' ],
22 silly audit   keyv: [ '4.5.4' ],
22 silly audit   leven: [ '3.1.0' ],
22 silly audit   levn: [ '0.4.1' ],
22 silly audit   'lines-and-columns': [ '1.2.4' ],
22 silly audit   'load-esm': [ '1.0.3' ],
22 silly audit   'loader-runner': [ '4.3.1' ],
22 silly audit   lodash: [ '4.17.21' ],
22 silly audit   'lodash.memoize': [ '4.1.2' ],
22 silly audit   'lodash.merge': [ '4.6.2' ],
22 silly audit   'log-symbols': [ '4.1.0' ],
22 silly audit   'make-dir': [ '4.0.0' ],
22 silly audit   'make-error': [ '1.3.6' ],
22 silly audit   makeerror: [ '1.0.12' ],
22 silly audit   'math-intrinsics': [ '1.1.0' ],
22 silly audit   'media-typer': [ '1.1.0', '0.3.0' ],
22 silly audit   memfs: [ '3.5.3' ],
22 silly audit   'merge-descriptors': [ '2.0.0' ],
22 silly audit   'merge-stream': [ '2.0.0' ],
22 silly audit   methods: [ '1.1.2' ],
22 silly audit   micromatch: [ '4.0.8' ],
22 silly audit   mime: [ '2.6.0' ],
22 silly audit   'mimic-fn': [ '2.1.0' ],
22 silly audit   minimist: [ '1.2.8' ],
22 silly audit   minipass: [ '7.1.2' ],
22 silly audit   mkdirp: [ '0.5.6' ],
22 silly audit   ms: [ '2.1.3' ],
22 silly audit   multer: [ '2.0.2' ],
22 silly audit   'type-is': [ '1.6.18', '2.0.1' ],
22 silly audit   'mute-stream': [ '2.0.0' ],
22 silly audit   'napi-postinstall': [ '0.3.4' ],
22 silly audit   'natural-compare': [ '1.4.0' ],
22 silly audit   negotiator: [ '1.0.0' ],
22 silly audit   'neo-async': [ '2.6.2' ],
22 silly audit   'node-abort-controller': [ '3.1.1' ],
22 silly audit   'node-emoji': [ '1.11.0' ],
22 silly audit   'node-int64': [ '0.4.0' ],
22 silly audit   'node-releases': [ '2.0.27' ],
22 silly audit   'normalize-path': [ '3.0.0' ],
22 silly audit   'npm-run-path': [ '4.0.1' ],
22 silly audit   'object-assign': [ '4.1.1' ],
22 silly audit   'object-inspect': [ '1.13.4' ],
22 silly audit   'on-finished': [ '2.4.1' ],
22 silly audit   once: [ '1.4.0' ],
22 silly audit   onetime: [ '5.1.2' ],
22 silly audit   optionator: [ '0.9.4' ],
22 silly audit   ora: [ '5.4.1' ],
22 silly audit   'p-try': [ '2.2.0' ],
22 silly audit   'package-json-from-dist': [ '1.0.1' ],
22 silly audit   'parent-module': [ '1.0.1' ],
22 silly audit   'parse-json': [ '5.2.0' ],
22 silly audit   parseurl: [ '1.3.3' ],
22 silly audit   'path-exists': [ '4.0.0' ],
22 silly audit   'path-is-absolute': [ '1.0.1' ],
22 silly audit   'path-key': [ '3.1.1' ],
22 silly audit   'path-to-regexp': [ '8.3.0' ],
22 silly audit   'path-type': [ '4.0.0' ],
22 silly audit   picocolors: [ '1.1.1' ],
22 silly audit   pirates: [ '4.0.7' ],
22 silly audit   'pkg-dir': [ '4.2.0' ],
22 silly audit   pluralize: [ '8.0.0' ],
22 silly audit   'prelude-ls': [ '1.2.1' ],
22 silly audit   prettier: [ '3.8.0' ],
22 silly audit   'prettier-linter-helpers': [ '1.0.1' ],
22 silly audit   'pretty-format': [ '30.2.0' ],
22 silly audit   prisma: [ '5.22.0' ],
22 silly audit   'react-is': [ '18.3.1' ],
22 silly audit   'proxy-addr': [ '2.0.7' ],
22 silly audit   punycode: [ '2.3.1' ],
22 silly audit   'pure-rand': [ '7.0.1' ],
22 silly audit   qs: [ '6.14.1' ],
22 silly audit   randombytes: [ '2.1.0' ],
22 silly audit   'range-parser': [ '1.2.1' ],
22 silly audit   'raw-body': [ '3.0.2' ],
22 silly audit   'readable-stream': [ '3.6.2' ],
22 silly audit   readdirp: [ '4.1.2' ],
22 silly audit   'reflect-metadata': [ '0.2.2' ],
22 silly audit   'require-directory': [ '2.1.1' ],
22 silly audit   'require-from-string': [ '2.0.2' ],
22 silly audit   'resolve-cwd': [ '3.0.0' ],
22 silly audit   'restore-cursor': [ '3.1.0' ],
22 silly audit   router: [ '2.2.0' ],
22 silly audit   'safe-buffer': [ '5.2.1' ],
22 silly audit   'safer-buffer': [ '2.1.2' ],
22 silly audit   'schema-utils': [ '3.3.0', '4.3.3' ],
22 silly audit   send: [ '1.2.1' ],
22 silly audit   'serialize-javascript': [ '6.0.2' ],
22 silly audit   'serve-static': [ '2.2.1' ],
22 silly audit   setprototypeof: [ '1.2.0' ],
22 silly audit   'shebang-command': [ '2.0.0' ],
22 silly audit   'shebang-regex': [ '3.0.0' ],
22 silly audit   'side-channel': [ '1.1.0' ],
22 silly audit   'side-channel-list': [ '1.0.0' ],
22 silly audit   'side-channel-map': [ '1.0.1' ],
22 silly audit   'side-channel-weakmap': [ '1.0.2' ],
22 silly audit   slash: [ '3.0.0' ],
22 silly audit   'sprintf-js': [ '1.0.3' ],
22 silly audit   'stack-utils': [ '2.0.6' ],
22 silly audit   statuses: [ '2.0.2' ],
22 silly audit   streamsearch: [ '1.1.0' ],
22 silly audit   string_decoder: [ '1.3.0' ],
22 silly audit   'string-length': [ '4.0.2' ],
22 silly audit   'strip-final-newline': [ '2.0.0' ],
22 silly audit   'strip-json-comments': [ '3.1.1' ],
22 silly audit   strtok3: [ '10.3.4' ],
22 silly audit   superagent: [ '10.3.0' ],
22 silly audit   supertest: [ '7.2.2' ],
22 silly audit   'symbol-observable': [ '4.0.0' ],
22 silly audit   synckit: [ '0.11.12' ],
22 silly audit   tapable: [ '2.3.0' ],
22 silly audit   terser: [ '5.46.0' ],
22 silly audit   'terser-webpack-plugin': [ '5.3.16' ],
22 silly audit   'test-exclude': [ '6.0.0' ],
22 silly audit   tinyglobby: [ '0.2.15' ],
22 silly audit   tmpl: [ '1.0.5' ],
22 silly audit   'to-regex-range': [ '5.0.1' ],
22 silly audit   toidentifier: [ '1.0.1' ],
22 silly audit   'token-types': [ '6.1.2' ],
22 silly audit   'ts-api-utils': [ '2.4.0' ],
22 silly audit   'ts-jest': [ '29.4.6' ],
22 silly audit   'type-fest': [ '4.41.0', '0.21.3' ],
22 silly audit   'ts-loader': [ '9.5.4' ],
22 silly audit   'ts-node': [ '10.9.2' ],
22 silly audit   'tsconfig-paths-webpack-plugin': [ '4.2.0' ],
22 silly audit   tslib: [ '2.8.1' ],
22 silly audit   'type-check': [ '0.4.0' ],
22 silly audit   'type-detect': [ '4.0.8' ],
22 silly audit   typedarray: [ '0.0.6' ],
22 silly audit   typescript: [ '5.9.3' ],
22 silly audit   'typescript-eslint': [ '8.53.1' ],
22 silly audit   'uglify-js': [ '3.19.3' ],
22 silly audit   uid: [ '2.0.2' ],
22 silly audit   'uint8array-extras': [ '1.5.0' ],
22 silly audit   'undici-types': [ '6.21.0' ],
22 silly audit   universalify: [ '2.0.1' ],
22 silly audit   unpipe: [ '1.0.0' ],
22 silly audit   'unrs-resolver': [ '1.11.1' ],
22 silly audit   'update-browserslist-db': [ '1.2.3' ],
22 silly audit   'uri-js': [ '4.4.1' ],
22 silly audit   'util-deprecate': [ '1.0.2' ],
22 silly audit   'v8-compile-cache-lib': [ '3.0.1' ],
22 silly audit   'v8-to-istanbul': [ '9.3.0' ],
22 silly audit   vary: [ '1.1.2' ],
22 silly audit   walker: [ '1.0.8' ],
22 silly audit   watchpack: [ '2.5.1' ],
22 silly audit   wcwidth: [ '1.0.1' ],
22 silly audit   webpack: [ '5.104.1' ],
22 silly audit   'webpack-node-externals': [ '3.0.0' ],
22 silly audit   'webpack-sources': [ '3.3.3' ],
22 silly audit   which: [ '2.0.2' ],
22 silly audit   'word-wrap': [ '1.2.5' ],
22 silly audit   wordwrap: [ '1.0.0' ],
22 silly audit   wrappy: [ '1.0.2' ],
22 silly audit   'write-file-atomic': [ '5.0.1' ],
22 silly audit   xtend: [ '4.0.2' ],
22 silly audit   y18n: [ '5.0.8' ],
22 silly audit   yallist: [ '3.1.1' ],
22 silly audit   yargs: [ '17.7.2' ],
22 silly audit   'yargs-parser': [ '21.1.1' ],
22 silly audit   yn: [ '3.1.1' ],
22 silly audit   'yocto-queue': [ '0.1.0' ],
22 silly audit   'yoctocolors-cjs': [ '2.1.3' ],
22 silly audit   '@types/multer': [ '2.0.0' ]
22 silly audit }
23 http cache @types/multer@https://registry.npmjs.org/@types/multer/-/multer-2.0.0.tgz 0ms (cache hit)
24 silly tarball no local data for @types/multer@https://registry.npmjs.org/@types/multer/-/multer-2.0.0.tgz. Extracting by manifest.
25 http fetch GET 200 https://registry.npmjs.org/@types/multer/-/multer-2.0.0.tgz 301ms (cache miss)
26 http fetch POST 200 https://registry.npmjs.org/-/npm/v1/security/advisories/bulk 478ms
27 silly audit report {
27 silly audit report   lodash: [
27 silly audit report     {
27 silly audit report       id: 1112455,
27 silly audit report       url: 'https://github.com/advisories/GHSA-xxjr-mmjv-4gpg',
27 silly audit report       title: 'Lodash has Prototype Pollution Vulnerability in `_.unset` and `_.omit` functions',
27 silly audit report       severity: 'moderate',
27 silly audit report       vulnerable_versions: '>=4.0.0 <=4.17.22',
27 silly audit report       cwe: [Array],
27 silly audit report       cvss: [Object]
27 silly audit report     }
27 silly audit report   ]
27 silly audit report }
28 silly packumentCache corgi:https://registry.npmjs.org/lodash cache-miss
29 http fetch GET 200 https://registry.npmjs.org/lodash 189ms (cache revalidated)
30 silly packumentCache corgi:https://registry.npmjs.org/lodash set size:68481 disposed:false
31 silly packumentCache corgi:https://registry.npmjs.org/@nestjs%2fconfig cache-miss
32 silly packumentCache corgi:https://registry.npmjs.org/node-emoji cache-miss
33 http fetch GET 200 https://registry.npmjs.org/node-emoji 97ms (cache revalidated)
34 silly packumentCache corgi:https://registry.npmjs.org/node-emoji set size:27488 disposed:false
35 http fetch GET 200 https://registry.npmjs.org/@nestjs%2fconfig 302ms (cache revalidated)
36 silly packumentCache corgi:https://registry.npmjs.org/@nestjs%2fconfig set size:119189 disposed:false
37 silly ADD node_modules/@types/multer
38 verbose cwd /Users/apple/Documents/GitHub/Bambu farm/apps/server
39 verbose os Darwin 25.2.0
40 verbose node v24.12.0
41 verbose npm  v11.6.2
42 verbose exit 0
43 info ok
